CMAKE_STATIC_LIBRARY_PREFIX == "lib"
CMAKE_STATIC_LIBRARY_SUFFIX == ".a"
CMAKE_SHARED_LIBRARY_PREFIX == "lib"
CMAKE_SHARED_LIBRARY_SUFFIX == ".so"
CMAKE_SHARED_MODULE_PREFIX == "lib"
CMAKE_SHARED_MODULE_SUFFIX == ".so"


CMAKE_DL_LIBS == "dl"
CMAKE_LIBRARY_PATH_FLAG == "-L"
CMAKE_LINK_LIBRARY_FLAG == "-l"
CMAKE_SKIP_RPATH == "NO"
CMAKE_SYSTEM_INFO_FILE == "Platform/Linux"
CMAKE_SYSTEM_NAME == "Linux"
CMAKE_SYSTEM == "Linux-5.8.0-45-generic"
CMAKE_CXX_COMPILER == "/usr/bin/c++"
CMAKE_C_COMPILER == "/usr/bin/cc"
CMAKE_COMPILER_IS_GNUCC == "1"
CMAKE_COMPILER_IS_GNUCXX == "1"
CMAKE_C_COMPILER_ID == "GNU"
CMAKE_C_COMPILER_VERSION == "9.3.0"
CMAKE_C90_STANDARD_COMPILE_OPTION == "-std=c90"
CMAKE_C99_STANDARD_COMPILE_OPTION == "-std=c99"
CMAKE_C11_STANDARD_COMPILE_OPTION == "-std=c11"
CMAKE_C90_EXTENSION_COMPILE_OPTION == "-std=gnu90"
CMAKE_C99_EXTENSION_COMPILE_OPTION == "-std=gnu99"
CMAKE_C11_EXTENSION_COMPILE_OPTION == "-std=gnu11"
CMAKE_C_COMPILE_FEATURES == "c_std_90;c_function_prototypes;c_std_99;c_restrict;c_variadic_macros;c_std_11;c_static_assert;c_std_17;c_std_23"
CMAKE_C90_COMPILE_FEATURES == "c_std_90;c_function_prototypes"
CMAKE_C99_COMPILE_FEATURES == "c_std_99;c_restrict;c_variadic_macros"
CMAKE_C11_COMPILE_FEATURES == "c_std_11;c_static_assert"
CMAKE_CXX_COMPILER_ID == "GNU"
CMAKE_CXX_COMPILER_VERSION == "9.3.0"
CMAKE_CXX98_STANDARD_COMPILE_OPTION == "-std=c++98"
CMAKE_CXX11_STANDARD_COMPILE_OPTION == "-std=c++11"
CMAKE_CXX98_EXTENSION_COMPILE_OPTION == "-std=gnu++98"
CMAKE_CXX11_EXTENSION_COMPILE_OPTION == "-std=gnu++11"
CMAKE_CXX_COMPILE_FEATURES == "cxx_std_98;cxx_template_template_parameters;cxx_std_11;cxx_alias_templates;cxx_alignas;cxx_alignof;cxx_attributes;cxx_auto_type;cxx_constexpr;cxx_decltype;cxx_decltype_incomplete_return_types;cxx_default_function_template_args;cxx_defaulted_functions;cxx_defaulted_move_initializers;cxx_delegating_constructors;cxx_deleted_functions;cxx_enum_forward_declarations;cxx_explicit_conversions;cxx_extended_friend_declarations;cxx_extern_templates;cxx_final;cxx_func_identifier;cxx_generalized_initializers;cxx_inheriting_constructors;cxx_inline_namespaces;cxx_lambdas;cxx_local_type_template_args;cxx_long_long_type;cxx_noexcept;cxx_nonstatic_member_init;cxx_nullptr;cxx_override;cxx_range_for;cxx_raw_string_literals;cxx_reference_qualified_functions;cxx_right_angle_brackets;cxx_rvalue_references;cxx_sizeof_member;cxx_static_assert;cxx_strong_enums;cxx_thread_local;cxx_trailing_return_types;cxx_unicode_literals;cxx_uniform_initialization;cxx_unrestricted_unions;cxx_user_literals;cxx_variadic_macros;cxx_variadic_templates;cxx_std_14;cxx_aggregate_default_initializers;cxx_attribute_deprecated;cxx_binary_literals;cxx_contextual_conversions;cxx_decltype_auto;cxx_digit_separators;cxx_generic_lambdas;cxx_lambda_init_captures;cxx_relaxed_constexpr;cxx_return_type_deduction;cxx_variable_templates;cxx_std_17;cxx_std_20"
CMAKE_CXX98_COMPILE_FEATURES == "cxx_std_98;cxx_template_template_parameters"
CMAKE_CXX11_COMPILE_FEATURES == "cxx_std_11;cxx_alias_templates;cxx_alignas;cxx_alignof;cxx_attributes;cxx_auto_type;cxx_constexpr;cxx_decltype;cxx_decltype_incomplete_return_types;cxx_default_function_template_args;cxx_defaulted_functions;cxx_defaulted_move_initializers;cxx_delegating_constructors;cxx_deleted_functions;cxx_enum_forward_declarations;cxx_explicit_conversions;cxx_extended_friend_declarations;cxx_extern_templates;cxx_final;cxx_func_identifier;cxx_generalized_initializers;cxx_inheriting_constructors;cxx_inline_namespaces;cxx_lambdas;cxx_local_type_template_args;cxx_long_long_type;cxx_noexcept;cxx_nonstatic_member_init;cxx_nullptr;cxx_override;cxx_range_for;cxx_raw_string_literals;cxx_reference_qualified_functions;cxx_right_angle_brackets;cxx_rvalue_references;cxx_sizeof_member;cxx_static_assert;cxx_strong_enums;cxx_thread_local;cxx_trailing_return_types;cxx_unicode_literals;cxx_uniform_initialization;cxx_unrestricted_unions;cxx_user_literals;cxx_variadic_macros;cxx_variadic_templates"
CMAKE_CXX14_COMPILE_FEATURES == "cxx_std_14;cxx_aggregate_default_initializers;cxx_attribute_deprecated;cxx_binary_literals;cxx_contextual_conversions;cxx_decltype_auto;cxx_digit_separators;cxx_generic_lambdas;cxx_lambda_init_captures;cxx_relaxed_constexpr;cxx_return_type_deduction;cxx_variable_templates"

// C shared library flag
CMAKE_SHARED_LIBRARY_C_FLAGS == "-fPIC"
CMAKE_SHARED_LIBRARY_CREATE_C_FLAGS == "-shared"
CMAKE_SHARED_LIBRARY_LINK_FLAGS == ""
CMAKE_SHARED_LIBRARY_RUNTIME_FLAG == ""
CMAKE_SHARED_LIBRARY_RUNTIME_FLAG_SEP == ""
CMAKE_SHARED_LIBRARY_LINK_STATIC_C_FLAGS == "-Wl,-Bstatic"
CMAKE_SHARED_LIBRARY_LINK_DYNAMIC_C_FLAGS == "-Wl,-Bdynamic"
CMAKE_C_COMPILE_OPTIONS_PIC == "-fPIC"
CMAKE_C_COMPILE_OPTIONS_PIE == "-fPIE"
CMAKE_C_COMPILE_OPTIONS_DLL == ""

// C shared module flags
CMAKE_SHARED_MODULE_C_FLAGS  == "-fPIC"
CMAKE_SHARED_MODULE_CREATE_C_FLAGS == "-shared"
CMAKE_SHARED_MODULE_LINK_STATIC_C_FLAGS == "-Wl,-Bstatic"
CMAKE_SHARED_MODULE_LINK_DYNAMIC_C_FLAGS == "-Wl,-Bdynamic"

// C exe flags
CMAKE_EXE_LINK_STATIC_C_FLAGS == "-Wl,-Bstatic"
CMAKE_EXE_LINK_DYNAMIC_C_FLAGS == "-Wl,-Bdynamic"

// CXX shared library flags
CMAKE_SHARED_LIBRARY_CREATE_CXX_FLAGS == "-shared"
CMAKE_SHARED_LIBRARY_CXX_FLAGS == "-fPIC"
CMAKE_SHARED_LIBRARY_LINK_CXX_FLAGS == "-rdynamic"
CMAKE_SHARED_LIBRARY_RUNTIME_CXX_FLAG == "-Wl,-rpath,"
CMAKE_SHARED_LIBRARY_RUNTIME_CXX_FLAG_SEP == ":"
CMAKE_SHARED_LIBRARY_LINK_STATIC_CXX_FLAGS == "-Wl,-Bstatic"
CMAKE_SHARED_LIBRARY_LINK_DYNAMIC_CXX_FLAGS == "-Wl,-Bdynamic"
CMAKE_CXX_COMPILE_OPTIONS_PIC == "-fPIC"
CMAKE_CXX_COMPILE_OPTIONS_PIE == "-fPIE"
CMAKE_CXX_COMPILE_OPTIONS_DLL == ""

// CXX shared module flags
CMAKE_SHARED_MODULE_CREATE_CXX_FLAGS == "-shared"
CMAKE_SHARED_MODULE_CXX_FLAGS == "-fPIC"
CMAKE_SHARED_MODULE_LINK_STATIC_CXX_FLAGS == "-Wl,-Bstatic"
CMAKE_SHARED_MODULE_LINK_DYNAMIC_CXX_FLAGS == "-Wl,-Bdynamic"

// CXX exe flags
CMAKE_EXE_LINK_STATIC_CXX_FLAGS == "-Wl,-Bstatic"
CMAKE_EXE_LINK_DYNAMIC_CXX_FLAGS == "-Wl,-Bdynamic"

CMAKE_USER_MAKE_RULES_OVERRIDE == ""
CMAKE_VERBOSE_MAKEFILE == "FALSE"
CMAKE_BUILD_TYPE == ""
CMAKE_CXX_FLAGS == ""
CMAKE_CXX_FLAGS_DEBUG == "-g"
CMAKE_CXX_FLAGS_MINSIZEREL == "-Os -DNDEBUG"
CMAKE_CXX_FLAGS_RELEASE == "-O3 -DNDEBUG"
CMAKE_CXX_FLAGS_RELWITHDEBINFO == "-O2 -g -DNDEBUG"

CMAKE_C_FLAGS == ""
CMAKE_C_FLAGS_DEBUG == "-g"
CMAKE_C_FLAGS_MINSIZEREL == "-Os -DNDEBUG"
CMAKE_C_FLAGS_RELEASE == "-O3 -DNDEBUG"
CMAKE_C_FLAGS_RELWITHDEBINFO == "-O2 -g -DNDEBUG"

// build rules
CMAKE_CXX_CREATE_SHARED_LIBRARY == "<CMAKE_CXX_COMPILER> <CMAKE_SHARED_LIBRARY_CXX_FLAGS> <LANGUAGE_COMPILE_FLAGS> <LINK_FLAGS> <CMAKE_SHARED_LIBRARY_CREATE_CXX_FLAGS> <SONAME_FLAG><TARGET_SONAME> -o <TARGET> <OBJECTS> <LINK_LIBRARIES>"
CMAKE_CXX_CREATE_SHARED_MODULE == "<CMAKE_CXX_COMPILER> <CMAKE_SHARED_LIBRARY_CXX_FLAGS> <LANGUAGE_COMPILE_FLAGS> <LINK_FLAGS> <CMAKE_SHARED_LIBRARY_CREATE_CXX_FLAGS> <SONAME_FLAG><TARGET_SONAME> -o <TARGET> <OBJECTS> <LINK_LIBRARIES>"
CMAKE_C_CREATE_SHARED_LIBRARY == "<CMAKE_C_COMPILER> <CMAKE_SHARED_LIBRARY_C_FLAGS> <LANGUAGE_COMPILE_FLAGS> <LINK_FLAGS> <CMAKE_SHARED_LIBRARY_CREATE_C_FLAGS> <SONAME_FLAG><TARGET_SONAME> -o <TARGET> <OBJECTS> <LINK_LIBRARIES>"
CMAKE_C_CREATE_SHARED_MODULE == "<CMAKE_C_COMPILER> <CMAKE_SHARED_LIBRARY_C_FLAGS> <LANGUAGE_COMPILE_FLAGS> <LINK_FLAGS> <CMAKE_SHARED_LIBRARY_CREATE_C_FLAGS> <SONAME_FLAG><TARGET_SONAME> -o <TARGET> <OBJECTS> <LINK_LIBRARIES>"
CMAKE_CXX_CREATE_STATIC_LIBRARY == ""
CMAKE_C_CREATE_STATIC_LIBRARY == ""
CMAKE_CXX_COMPILE_OBJECT == "<CMAKE_CXX_COMPILER> <DEFINES> <INCLUDES> <FLAGS> -o <OBJECT> -c <SOURCE>"
CMAKE_C_COMPILE_OBJECT == "<CMAKE_C_COMPILER> <DEFINES> <INCLUDES> <FLAGS> -o <OBJECT> -c <SOURCE>"
CMAKE_C_LINK_EXECUTABLE == "<CMAKE_C_COMPILER> <FLAGS> <CMAKE_C_LINK_FLAGS> <LINK_FLAGS> <OBJECTS> -o <TARGET> <LINK_LIBRARIES>"
CMAKE_CXX_LINK_EXECUTABLE == "<CMAKE_CXX_COMPILER> <FLAGS> <CMAKE_CXX_LINK_FLAGS> <LINK_FLAGS> <OBJECTS> -o <TARGET> <LINK_LIBRARIES>"

// implicit link info
CMAKE_C_IMPLICIT_LINK_LIBRARIES == "gcc;gcc_s;c;gcc;gcc_s"
CMAKE_C_IMPLICIT_LINK_DIRECTORIES == "/usr/lib/gcc/x86_64-linux-gnu/9;/usr/lib/x86_64-linux-gnu;/usr/lib;/lib/x86_64-linux-gnu;/lib"
CMAKE_C_IMPLICIT_LINK_FRAMEWORK_DIRECTORIES == ""
CMAKE_CXX_IMPLICIT_LINK_LIBRARIES == "stdc++;m;gcc_s;gcc;c;gcc_s;gcc"
CMAKE_CXX_IMPLICIT_LINK_DIRECTORIES == "/usr/lib/gcc/x86_64-linux-gnu/9;/usr/lib/x86_64-linux-gnu;/usr/lib;/lib/x86_64-linux-gnu;/lib"
CMAKE_CXX_IMPLICIT_LINK_FRAMEWORK_DIRECTORIES == ""

XCODE_VERSION == ""
